Archive member included to satisfy reference by file (symbol)

C:\Users\user1\Documents\Arduino\20adder\build/..\..\..\..\AppData\Local\Temp\arduino\cores\arduino_megaavr_nona4809_mode_off_07d7435d7d6605a16983aa65fe1ae4c5\core.a(UART0.cpp.o)
                              C:\Users\user1\Documents\Arduino\20adder\build\sketch\20adder.ino.cpp.o (symbol from plugin) (Serial)
C:\Users\user1\Documents\Arduino\20adder\build/..\..\..\..\AppData\Local\Temp\arduino\cores\arduino_megaavr_nona4809_mode_off_07d7435d7d6605a16983aa65fe1ae4c5\core.a(Print.cpp.o)
                              C:\Users\user1\Documents\Arduino\20adder\build\sketch\20adder.ino.cpp.o (symbol from plugin) (_ZN7arduino5Print5printEPKc)
C:\Users\user1\Documents\Arduino\20adder\build/..\..\..\..\AppData\Local\Temp\arduino\cores\arduino_megaavr_nona4809_mode_off_07d7435d7d6605a16983aa65fe1ae4c5\core.a(main.cpp.o)
                              c:/users/user1/appdata/local/arduino15/packages/arduino/tools/avr-gcc/7.3.0-atmel3.6.1-arduino5/bin/../lib/gcc/avr/7.3.0/../../../../avr/lib/avrxmega3/crtatmega4809.o (main)
C:\Users\user1\Documents\Arduino\20adder\build/..\..\..\..\AppData\Local\Temp\arduino\cores\arduino_megaavr_nona4809_mode_off_07d7435d7d6605a16983aa65fe1ae4c5\core.a(wiring.c.o)
                              C:\Users\user1\Documents\Arduino\20adder\build\sketch\20adder.ino.cpp.o (symbol from plugin) (delayMicroseconds)
C:\Users\user1\Documents\Arduino\20adder\build/..\..\..\..\AppData\Local\Temp\arduino\cores\arduino_megaavr_nona4809_mode_off_07d7435d7d6605a16983aa65fe1ae4c5\core.a(wiring_analog.c.o)
                              wiring.c.o (symbol from plugin) (analogReference)
C:\Users\user1\Documents\Arduino\20adder\build/..\..\..\..\AppData\Local\Temp\arduino\cores\arduino_megaavr_nona4809_mode_off_07d7435d7d6605a16983aa65fe1ae4c5\core.a(wiring_digital.c.o)
                              wiring_analog.c.o (symbol from plugin) (digital_pin_to_timer)
C:\Users\user1\Documents\Arduino\20adder\build/..\..\..\..\AppData\Local\Temp\arduino\cores\arduino_megaavr_nona4809_mode_off_07d7435d7d6605a16983aa65fe1ae4c5\core.a(UART.cpp.o)
                              UART0.cpp.o (symbol from plugin) (_ZN9UartClass9availableEv)
C:\Users\user1\Documents\Arduino\20adder\build/..\..\..\..\AppData\Local\Temp\arduino\cores\arduino_megaavr_nona4809_mode_off_07d7435d7d6605a16983aa65fe1ae4c5\core.a(abi.cpp.o)
                              Print.cpp.o (symbol from plugin) (__cxa_pure_virtual)
c:/users/user1/appdata/local/arduino15/packages/arduino/tools/avr-gcc/7.3.0-atmel3.6.1-arduino5/bin/../lib/gcc/avr/7.3.0/avrxmega3\libgcc.a(_exit.o)
                              c:/users/user1/appdata/local/arduino15/packages/arduino/tools/avr-gcc/7.3.0-atmel3.6.1-arduino5/bin/../lib/gcc/avr/7.3.0/../../../../avr/lib/avrxmega3/crtatmega4809.o (exit)
c:/users/user1/appdata/local/arduino15/packages/arduino/tools/avr-gcc/7.3.0-atmel3.6.1-arduino5/bin/../lib/gcc/avr/7.3.0/avrxmega3\libgcc.a(_udivmodhi4.o)
                              C:\Users\user1\AppData\Local\Temp\ccVNllOJ.ltrans0.ltrans.o (__udivmodhi4)
c:/users/user1/appdata/local/arduino15/packages/arduino/tools/avr-gcc/7.3.0-atmel3.6.1-arduino5/bin/../lib/gcc/avr/7.3.0/avrxmega3\libgcc.a(_udivmodsi4.o)
                              C:\Users\user1\AppData\Local\Temp\ccVNllOJ.ltrans0.ltrans.o (__udivmodsi4)
c:/users/user1/appdata/local/arduino15/packages/arduino/tools/avr-gcc/7.3.0-atmel3.6.1-arduino5/bin/../lib/gcc/avr/7.3.0/avrxmega3\libgcc.a(_divmodsi4.o)
                              C:\Users\user1\AppData\Local\Temp\ccVNllOJ.ltrans0.ltrans.o (__divmodsi4)
c:/users/user1/appdata/local/arduino15/packages/arduino/tools/avr-gcc/7.3.0-atmel3.6.1-arduino5/bin/../lib/gcc/avr/7.3.0/avrxmega3\libgcc.a(_negsi2.o)
                              c:/users/user1/appdata/local/arduino15/packages/arduino/tools/avr-gcc/7.3.0-atmel3.6.1-arduino5/bin/../lib/gcc/avr/7.3.0/avrxmega3\libgcc.a(_divmodsi4.o) (__negsi2)
c:/users/user1/appdata/local/arduino15/packages/arduino/tools/avr-gcc/7.3.0-atmel3.6.1-arduino5/bin/../lib/gcc/avr/7.3.0/avrxmega3\libgcc.a(_copy_data.o)
                              C:\Users\user1\AppData\Local\Temp\ccVNllOJ.ltrans0.ltrans.o (__do_copy_data)
c:/users/user1/appdata/local/arduino15/packages/arduino/tools/avr-gcc/7.3.0-atmel3.6.1-arduino5/bin/../lib/gcc/avr/7.3.0/avrxmega3\libgcc.a(_clear_bss.o)
                              C:\Users\user1\AppData\Local\Temp\ccVNllOJ.ltrans0.ltrans.o (__do_clear_bss)
c:/users/user1/appdata/local/arduino15/packages/arduino/tools/avr-gcc/7.3.0-atmel3.6.1-arduino5/bin/../lib/gcc/avr/7.3.0/avrxmega3\libgcc.a(_ctors.o)
                              C:\Users\user1\AppData\Local\Temp\ccVNllOJ.ltrans0.ltrans.o (__do_global_ctors)
c:/users/user1/appdata/local/arduino15/packages/arduino/tools/avr-gcc/7.3.0-atmel3.6.1-arduino5/bin/../lib/gcc/avr/7.3.0/avrxmega3\libgcc.a(_mulshisi3.o)
                              C:\Users\user1\AppData\Local\Temp\ccVNllOJ.ltrans0.ltrans.o (__mulshisi3)
c:/users/user1/appdata/local/arduino15/packages/arduino/tools/avr-gcc/7.3.0-atmel3.6.1-arduino5/bin/../lib/gcc/avr/7.3.0/avrxmega3\libgcc.a(_tablejump2.o)
                              c:/users/user1/appdata/local/arduino15/packages/arduino/tools/avr-gcc/7.3.0-atmel3.6.1-arduino5/bin/../lib/gcc/avr/7.3.0/avrxmega3\libgcc.a(_ctors.o) (__tablejump2__)
c:/users/user1/appdata/local/arduino15/packages/arduino/tools/avr-gcc/7.3.0-atmel3.6.1-arduino5/bin/../lib/gcc/avr/7.3.0/avrxmega3\libgcc.a(_muluhisi3.o)
                              c:/users/user1/appdata/local/arduino15/packages/arduino/tools/avr-gcc/7.3.0-atmel3.6.1-arduino5/bin/../lib/gcc/avr/7.3.0/avrxmega3\libgcc.a(_mulshisi3.o) (__muluhisi3)
c:/users/user1/appdata/local/arduino15/packages/arduino/tools/avr-gcc/7.3.0-atmel3.6.1-arduino5/bin/../lib/gcc/avr/7.3.0/avrxmega3\libgcc.a(_umulhisi3.o)
                              c:/users/user1/appdata/local/arduino15/packages/arduino/tools/avr-gcc/7.3.0-atmel3.6.1-arduino5/bin/../lib/gcc/avr/7.3.0/avrxmega3\libgcc.a(_muluhisi3.o) (__umulhisi3)

Allocating common symbols
Common symbol       size              file

fract_inc           0x2               wiring.c.o (symbol from plugin)
millis_inc          0x2               wiring.c.o (symbol from plugin)
microseconds_per_timer_overflow
                    0x2               wiring.c.o (symbol from plugin)
microseconds_per_timer_tick
                    0x2               wiring.c.o (symbol from plugin)

Discarded input sections

 .data          0x00000000        0x0 c:/users/user1/appdata/local/arduino15/packages/arduino/tools/avr-gcc/7.3.0-atmel3.6.1-arduino5/bin/../lib/gcc/avr/7.3.0/../../../../avr/lib/avrxmega3/crtatmega4809.o
 .bss           0x00000000        0x0 c:/users/user1/appdata/local/arduino15/packages/arduino/tools/avr-gcc/7.3.0-atmel3.6.1-arduino5/bin/../lib/gcc/avr/7.3.0/../../../../avr/lib/avrxmega3/crtatmega4809.o
 .text          0x00000000        0x0 C:\Users\user1\Documents\Arduino\20adder\build\sketch\20adder.ino.cpp.o (symbol from plugin)
 .gnu.linkonce.t._ZN9UartClass5beginEm
                0x00000000        0x0 C:\Users\user1\Documents\Arduino\20adder\build\sketch\20adder.ino.cpp.o (symbol from plugin)
 .text          0x00000000        0x0 C:\Users\user1\Documents\Arduino\20adder\build\core\variant.c.o (symbol from plugin)
 .text          0x00000000        0x0 UART0.cpp.o (symbol from plugin)
 .gnu.linkonce.t._ZN9UartClass5beginEm
                0x00000000        0x0 UART0.cpp.o (symbol from plugin)
 .gnu.linkonce.t._ZN9UartClasscvbEv
                0x00000000        0x0 UART0.cpp.o (symbol from plugin)
 .gnu.linkonce.t._ZN9UartClassC5EPV12USART_structhhhh
                0x00000000        0x0 UART0.cpp.o (symbol from plugin)
 .gnu.linkonce.t._ZN9UartClass16_rx_complete_irqEv
                0x00000000        0x0 UART0.cpp.o (symbol from plugin)
 .text          0x00000000        0x0 Print.cpp.o (symbol from plugin)
 .gnu.linkonce.t._ZN7arduino5Print17availableForWriteEv
                0x00000000        0x0 Print.cpp.o (symbol from plugin)
 .gnu.linkonce.t._ZN7arduino5Print5flushEv
                0x00000000        0x0 Print.cpp.o (symbol from plugin)
 .gnu.linkonce.t._ZN7arduino5Print5writeEPKc
                0x00000000        0x0 Print.cpp.o (symbol from plugin)
 .gnu.linkonce.t._ZN7arduino5Print5writeEPKcj
                0x00000000        0x0 Print.cpp.o (symbol from plugin)
 .gnu.linkonce.t._ZTVN7arduino5PrintE
                0x00000000        0x0 Print.cpp.o (symbol from plugin)
 .text          0x00000000        0x0 main.cpp.o (symbol from plugin)
 .text          0x00000000        0x0 wiring.c.o (symbol from plugin)
 .text          0x00000000        0x0 wiring_analog.c.o (symbol from plugin)
 .text          0x00000000        0x0 wiring_digital.c.o (symbol from plugin)
 .text          0x00000000        0x0 UART.cpp.o (symbol from plugin)
 .gnu.linkonce.t._ZN9UartClass5beginEm
                0x00000000        0x0 UART.cpp.o (symbol from plugin)
 .gnu.linkonce.t._ZN9UartClasscvbEv
                0x00000000        0x0 UART.cpp.o (symbol from plugin)
 .gnu.linkonce.t._ZTV9UartClass
                0x00000000        0x0 UART.cpp.o (symbol from plugin)
 .text          0x00000000        0x0 abi.cpp.o (symbol from plugin)
 .text          0x00000000        0x0 c:/users/user1/appdata/local/arduino15/packages/arduino/tools/avr-gcc/7.3.0-atmel3.6.1-arduino5/bin/../lib/gcc/avr/7.3.0/avrxmega3\libgcc.a(_exit.o)
 .data          0x00000000        0x0 c:/users/user1/appdata/local/arduino15/packages/arduino/tools/avr-gcc/7.3.0-atmel3.6.1-arduino5/bin/../lib/gcc/avr/7.3.0/avrxmega3\libgcc.a(_exit.o)
 .bss           0x00000000        0x0 c:/users/user1/appdata/local/arduino15/packages/arduino/tools/avr-gcc/7.3.0-atmel3.6.1-arduino5/bin/../lib/gcc/avr/7.3.0/avrxmega3\libgcc.a(_exit.o)
 .text.libgcc.mul
                0x00000000        0x0 c:/users/user1/appdata/local/arduino15/packages/arduino/tools/avr-gcc/7.3.0-atmel3.6.1-arduino5/bin/../lib/gcc/avr/7.3.0/avrxmega3\libgcc.a(_exit.o)
 .text.libgcc.div
                0x00000000        0x0 c:/users/user1/appdata/local/arduino15/packages/arduino/tools/avr-gcc/7.3.0-atmel3.6.1-arduino5/bin/../lib/gcc/avr/7.3.0/avrxmega3\libgcc.a(_exit.o)
 .text.libgcc   0x00000000        0x0 c:/users/user1/appdata/local/arduino15/packages/arduino/tools/avr-gcc/7.3.0-atmel3.6.1-arduino5/bin/../lib/gcc/avr/7.3.0/avrxmega3\libgcc.a(_exit.o)
 .text.libgcc.prologue
                0x00000000        0x0 c:/users/user1/appdata/local/arduino15/packages/arduino/tools/avr-gcc/7.3.0-atmel3.6.1-arduino5/bin/../lib/gcc/avr/7.3.0/avrxmega3\libgcc.a(_exit.o)
 .text.libgcc.builtins
                0x00000000        0x0 c:/users/user1/appdata/local/arduino15/packages/arduino/tools/avr-gcc/7.3.0-atmel3.6.1-arduino5/bin/../lib/gcc/avr/7.3.0/avrxmega3\libgcc.a(_exit.o)
 .text.libgcc.fmul
                0x00000000        0x0 c:/users/user1/appdata/local/arduino15/packages/arduino/tools/avr-gcc/7.3.0-atmel3.6.1-arduino5/bin/../lib/gcc/avr/7.3.0/avrxmega3\libgcc.a(_exit.o)
 .text.libgcc.fixed
                0x00000000        0x0 c:/users/user1/appdata/local/arduino15/packages/arduino/tools/avr-gcc/7.3.0-atmel3.6.1-arduino5/bin/../lib/gcc/avr/7.3.0/avrxmega3\libgcc.a(_exit.o)
 .text          0x00000000        0x0 c:/users/user1/appdata/local/arduino15/packages/arduino/tools/avr-gcc/7.3.0-atmel3.6.1-arduino5/bin/../lib/gcc/avr/7.3.0/avrxmega3\libgcc.a(_udivmodhi4.o)
 .data          0x00000000        0x0 c:/users/user1/appdata/local/arduino15/packages/arduino/tools/avr-gcc/7.3.0-atmel3.6.1-arduino5/bin/../lib/gcc/avr/7.3.0/avrxmega3\libgcc.a(_udivmodhi4.o)
 .bss           0x00000000        0x0 c:/users/user1/appdata/local/arduino15/packages/arduino/tools/avr-gcc/7.3.0-atmel3.6.1-arduino5/bin/../lib/gcc/avr/7.3.0/avrxmega3\libgcc.a(_udivmodhi4.o)
 .text.libgcc.mul
                0x00000000        0x0 c:/users/user1/appdata/local/arduino15/packages/arduino/tools/avr-gcc/7.3.0-atmel3.6.1-arduino5/bin/../lib/gcc/avr/7.3.0/avrxmega3\libgcc.a(_udivmodhi4.o)
 .text.libgcc   0x00000000        0x0 c:/users/user1/appdata/local/arduino15/packages/arduino/tools/avr-gcc/7.3.0-atmel3.6.1-arduino5/bin/../lib/gcc/avr/7.3.0/avrxmega3\libgcc.a(_udivmodhi4.o)
 .text.libgcc.prologue
                0x00000000        0x0 c:/users/user1/appdata/local/arduino15/packages/arduino/tools/avr-gcc/7.3.0-atmel3.6.1-arduino5/bin/../lib/gcc/avr/7.3.0/avrxmega3\libgcc.a(_udivmodhi4.o)
 .text.libgcc.builtins
                0x00000000        0x0 c:/users/user1/appdata/local/arduino15/packages/arduino/tools/avr-gcc/7.3.0-atmel3.6.1-arduino5/bin/../lib/gcc/avr/7.3.0/avrxmega3\libgcc.a(_udivmodhi4.o)
 .text.libgcc.fmul
                0x00000000        0x0 c:/users/user1/appdata/local/arduino15/packages/arduino/tools/avr-gcc/7.3.0-atmel3.6.1-arduino5/bin/../lib/gcc/avr/7.3.0/avrxmega3\libgcc.a(_udivmodhi4.o)
 .text.libgcc.fixed
                0x00000000        0x0 c:/users/user1/appdata/local/arduino15/packages/arduino/tools/avr-gcc/7.3.0-atmel3.6.1-arduino5/bin/../lib/gcc/avr/7.3.0/avrxmega3\libgcc.a(_udivmodhi4.o)
 .text          0x00000000        0x0 c:/users/user1/appdata/local/arduino15/packages/arduino/tools/avr-gcc/7.3.0-atmel3.6.1-arduino5/bin/../lib/gcc/avr/7.3.0/avrxmega3\libgcc.a(_udivmodsi4.o)
 .data          0x00000000        0x0 c:/users/user1/appdata/local/arduino15/packages/arduino/tools/avr-gcc/7.3.0-atmel3.6.1-arduino5/bin/../lib/gcc/avr/7.3.0/avrxmega3\libgcc.a(_udivmodsi4.o)
 .bss           0x00000000        0x0 c:/users/user1/appdata/local/arduino15/packages/arduino/tools/avr-gcc/7.3.0-atmel3.6.1-arduino5/bin/../lib/gcc/avr/7.3.0/avrxmega3\libgcc.a(_udivmodsi4.o)
 .text.libgcc.mul
                0x00000000        0x0 c:/users/user1/appdata/local/arduino15/packages/arduino/tools/avr-gcc/7.3.0-atmel3.6.1-arduino5/bin/../lib/gcc/avr/7.3.0/avrxmega3\libgcc.a(_udivmodsi4.o)
 .text.libgcc   0x00000000        0x0 c:/users/user1/appdata/local/arduino15/packages/arduino/tools/avr-gcc/7.3.0-atmel3.6.1-arduino5/bin/../lib/gcc/avr/7.3.0/avrxmega3\libgcc.a(_udivmodsi4.o)
 .text.libgcc.prologue
                0x00000000        0x0 c:/users/user1/appdata/local/arduino15/packages/arduino/tools/avr-gcc/7.3.0-atmel3.6.1-arduino5/bin/../lib/gcc/avr/7.3.0/avrxmega3\libgcc.a(_udivmodsi4.o)
 .text.libgcc.builtins
                0x00000000        0x0 c:/users/user1/appdata/local/arduino15/packages/arduino/tools/avr-gcc/7.3.0-atmel3.6.1-arduino5/bin/../lib/gcc/avr/7.3.0/avrxmega3\libgcc.a(_udivmodsi4.o)
 .text.libgcc.fmul
                0x00000000        0x0 c:/users/user1/appdata/local/arduino15/packages/arduino/tools/avr-gcc/7.3.0-atmel3.6.1-arduino5/bin/../lib/gcc/avr/7.3.0/avrxmega3\libgcc.a(_udivmodsi4.o)
 .text.libgcc.fixed
                0x00000000        0x0 c:/users/user1/appdata/local/arduino15/packages/arduino/tools/avr-gcc/7.3.0-atmel3.6.1-arduino5/bin/../lib/gcc/avr/7.3.0/avrxmega3\libgcc.a(_udivmodsi4.o)
 .text          0x00000000        0x0 c:/users/user1/appdata/local/arduino15/packages/arduino/tools/avr-gcc/7.3.0-atmel3.6.1-arduino5/bin/../lib/gcc/avr/7.3.0/avrxmega3\libgcc.a(_divmodsi4.o)
 .data          0x00000000        0x0 c:/users/user1/appdata/local/arduino15/packages/arduino/tools/avr-gcc/7.3.0-atmel3.6.1-arduino5/bin/../lib/gcc/avr/7.3.0/avrxmega3\libgcc.a(_divmodsi4.o)
 .bss           0x00000000        0x0 c:/users/user1/appdata/local/arduino15/packages/arduino/tools/avr-gcc/7.3.0-atmel3.6.1-arduino5/bin/../lib/gcc/avr/7.3.0/avrxmega3\libgcc.a(_divmodsi4.o)
 .text.libgcc.mul
                0x00000000        0x0 c:/users/user1/appdata/local/arduino15/packages/arduino/tools/avr-gcc/7.3.0-atmel3.6.1-arduino5/bin/../lib/gcc/avr/7.3.0/avrxmega3\libgcc.a(_divmodsi4.o)
 .text.libgcc   0x00000000        0x0 c:/users/user1/appdata/local/arduino15/packages/arduino/tools/avr-gcc/7.3.0-atmel3.6.1-arduino5/bin/../lib/gcc/avr/7.3.0/avrxmega3\libgcc.a(_divmodsi4.o)
 .text.libgcc.prologue
                0x00000000        0x0 c:/users/user1/appdata/local/arduino15/packages/arduino/tools/avr-gcc/7.3.0-atmel3.6.1-arduino5/bin/../lib/gcc/avr/7.3.0/avrxmega3\libgcc.a(_divmodsi4.o)
 .text.libgcc.builtins
                0x00000000        0x0 c:/users/user1/appdata/local/arduino15/packages/arduino/tools/avr-gcc/7.3.0-atmel3.6.1-arduino5/bin/../lib/gcc/avr/7.3.0/avrxmega3\libgcc.a(_divmodsi4.o)
 .text.libgcc.fmul
                0x00000000        0x0 c:/users/user1/appdata/local/arduino15/packages/arduino/tools/avr-gcc/7.3.0-atmel3.6.1-arduino5/bin/../lib/gcc/avr/7.3.0/avrxmega3\libgcc.a(_divmodsi4.o)
 .text.libgcc.fixed
                0x00000000        0x0 c:/users/user1/appdata/local/arduino15/packages/arduino/tools/avr-gcc/7.3.0-atmel3.6.1-arduino5/bin/../lib/gcc/avr/7.3.0/avrxmega3\libgcc.a(_divmodsi4.o)
 .text          0x00000000        0x0 c:/users/user1/appdata/local/arduino15/packages/arduino/tools/avr-gcc/7.3.0-atmel3.6.1-arduino5/bin/../lib/gcc/avr/7.3.0/avrxmega3\libgcc.a(_negsi2.o)
 .data          0x00000000        0x0 c:/users/user1/appdata/local/arduino15/packages/arduino/tools/avr-gcc/7.3.0-atmel3.6.1-arduino5/bin/../lib/gcc/avr/7.3.0/avrxmega3\libgcc.a(_negsi2.o)
 .bss           0x00000000        0x0 c:/users/user1/appdata/local/arduino15/packages/arduino/tools/avr-gcc/7.3.0-atmel3.6.1-arduino5/bin/../lib/gcc/avr/7.3.0/avrxmega3\libgcc.a(_negsi2.o)
 .text.libgcc.mul
                0x00000000        0x0 c:/users/user1/appdata/local/arduino15/packages/arduino/tools/avr-gcc/7.3.0-atmel3.6.1-arduino5/bin/../lib/gcc/avr/7.3.0/avrxmega3\libgcc.a(_negsi2.o)
 .text.libgcc   0x00000000        0x0 c:/users/user1/appdata/local/arduino15/packages/arduino/tools/avr-gcc/7.3.0-atmel3.6.1-arduino5/bin/../lib/gcc/avr/7.3.0/avrxmega3\libgcc.a(_negsi2.o)
 .text.libgcc.prologue
                0x00000000        0x0 c:/users/user1/appdata/local/arduino15/packages/arduino/tools/avr-gcc/7.3.0-atmel3.6.1-arduino5/bin/../lib/gcc/avr/7.3.0/avrxmega3\libgcc.a(_negsi2.o)
 .text.libgcc.builtins
                0x00000000        0x0 c:/users/user1/appdata/local/arduino15/packages/arduino/tools/avr-gcc/7.3.0-atmel3.6.1-arduino5/bin/../lib/gcc/avr/7.3.0/avrxmega3\libgcc.a(_negsi2.o)
 .text.libgcc.fmul
                0x00000000        0x0 c:/users/user1/appdata/local/arduino15/packages/arduino/tools/avr-gcc/7.3.0-atmel3.6.1-arduino5/bin/../lib/gcc/avr/7.3.0/avrxmega3\libgcc.a(_negsi2.o)
 .text.libgcc.fixed
                0x00000000        0x0 c:/users/user1/appdata/local/arduino15/packages/arduino/tools/avr-gcc/7.3.0-atmel3.6.1-arduino5/bin/../lib/gcc/avr/7.3.0/avrxmega3\libgcc.a(_negsi2.o)
 .text          0x00000000        0x0 c:/users/user1/appdata/local/arduino15/packages/arduino/tools/avr-gcc/7.3.0-atmel3.6.1-arduino5/bin/../lib/gcc/avr/7.3.0/avrxmega3\libgcc.a(_copy_data.o)
 .data          0x00000000        0x0 c:/users/user1/appdata/local/arduino15/packages/arduino/tools/avr-gcc/7.3.0-atmel3.6.1-arduino5/bin/../lib/gcc/avr/7.3.0/avrxmega3\libgcc.a(_copy_data.o)
 .bss           0x00000000        0x0 c:/users/user1/appdata/local/arduino15/packages/arduino/tools/avr-gcc/7.3.0-atmel3.6.1-arduino5/bin/../lib/gcc/avr/7.3.0/avrxmega3\libgcc.a(_copy_data.o)
 .text.libgcc.mul
                0x00000000        0x0 c:/users/user1/appdata/local/arduino15/packages/arduino/tools/avr-gcc/7.3.0-atmel3.6.1-arduino5/bin/../lib/gcc/avr/7.3.0/avrxmega3\libgcc.a(_copy_data.o)
 .text.libgcc.div
                0x00000000        0x0 c:/users/user1/appdata/local/arduino15/packages/arduino/tools/avr-gcc/7.3.0-atmel3.6.1-arduino5/bin/../lib/gcc/avr/7.3.0/avrxmega3\libgcc.a(_copy_data.o)
 .text.libgcc   0x00000000        0x0 c:/users/user1/appdata/local/arduino15/packages/arduino/tools/avr-gcc/7.3.0-atmel3.6.1-arduino5/bin/../lib/gcc/avr/7.3.0/avrxmega3\libgcc.a(_copy_data.o)
 .text.libgcc.prologue
                0x00000000        0x0 c:/users/user1/appdata/local/arduino15/packages/arduino/tools/avr-gcc/7.3.0-atmel3.6.1-arduino5/bin/../lib/gcc/avr/7.3.0/avrxmega3\libgcc.a(_copy_data.o)
 .text.libgcc.builtins
                0x00000000        0x0 c:/users/user1/appdata/local/arduino15/packages/arduino/tools/avr-gcc/7.3.0-atmel3.6.1-arduino5/bin/../lib/gcc/avr/7.3.0/avrxmega3\libgcc.a(_copy_data.o)
 .text.libgcc.fmul
                0x00000000        0x0 c:/users/user1/appdata/local/arduino15/packages/arduino/tools/avr-gcc/7.3.0-atmel3.6.1-arduino5/bin/../lib/gcc/avr/7.3.0/avrxmega3\libgcc.a(_copy_data.o)
 .text.libgcc.fixed
                0x00000000        0x0 c:/users/user1/appdata/local/arduino15/packages/arduino/tools/avr-gcc/7.3.0-atmel3.6.1-arduino5/bin/../lib/gcc/avr/7.3.0/avrxmega3\libgcc.a(_copy_data.o)
 .text          0x00000000        0x0 c:/users/user1/appdata/local/arduino15/packages/arduino/tools/avr-gcc/7.3.0-atmel3.6.1-arduino5/bin/../lib/gcc/avr/7.3.0/avrxmega3\libgcc.a(_clear_bss.o)
 .data          0x00000000        0x0 c:/users/user1/appdata/local/arduino15/packages/arduino/tools/avr-gcc/7.3.0-atmel3.6.1-arduino5/bin/../lib/gcc/avr/7.3.0/avrxmega3\libgcc.a(_clear_bss.o)
 .bss           0x00000000        0x0 c:/users/user1/appdata/local/arduino15/packages/arduino/tools/avr-gcc/7.3.0-atmel3.6.1-arduino5/bin/../lib/gcc/avr/7.3.0/avrxmega3\libgcc.a(_clear_bss.o)
 .text.libgcc.mul
                0x00000000        0x0 c:/users/user1/appdata/local/arduino15/packages/arduino/tools/avr-gcc/7.3.0-atmel3.6.1-arduino5/bin/../lib/gcc/avr/7.3.0/avrxmega3\libgcc.a(_clear_bss.o)
 .text.libgcc.div
                0x00000000        0x0 c:/users/user1/appdata/local/arduino15/packages/arduino/tools/avr-gcc/7.3.0-atmel3.6.1-arduino5/bin/../lib/gcc/avr/7.3.0/avrxmega3\libgcc.a(_clear_bss.o)
 .text.libgcc   0x00000000        0x0 c:/users/user1/appdata/local/arduino15/packages/arduino/tools/avr-gcc/7.3.0-atmel3.6.1-arduino5/bin/../lib/gcc/avr/7.3.0/avrxmega3\libgcc.a(_clear_bss.o)
 .text.libgcc.prologue
                0x00000000        0x0 c:/users/user1/appdata/local/arduino15/packages/arduino/tools/avr-gcc/7.3.0-atmel3.6.1-arduino5/bin/../lib/gcc/avr/7.3.0/avrxmega3\libgcc.a(_clear_bss.o)
 .text.libgcc.builtins
                0x00000000        0x0 c:/users/user1/appdata/local/arduino15/packages/arduino/tools/avr-gcc/7.3.0-atmel3.6.1-arduino5/bin/../lib/gcc/avr/7.3.0/avrxmega3\libgcc.a(_clear_bss.o)
 .text.libgcc.fmul
                0x00000000        0x0 c:/users/user1/appdata/local/arduino15/packages/arduino/tools/avr-gcc/7.3.0-atmel3.6.1-arduino5/bin/../lib/gcc/avr/7.3.0/avrxmega3\libgcc.a(_clear_bss.o)
 .text.libgcc.fixed
                0x00000000        0x0 c:/users/user1/appdata/local/arduino15/packages/arduino/tools/avr-gcc/7.3.0-atmel3.6.1-arduino5/bin/../lib/gcc/avr/7.3.0/avrxmega3\libgcc.a(_clear_bss.o)
 .text          0x00000000        0x0 c:/users/user1/appdata/local/arduino15/packages/arduino/tools/avr-gcc/7.3.0-atmel3.6.1-arduino5/bin/../lib/gcc/avr/7.3.0/avrxmega3\libgcc.a(_ctors.o)
 .data          0x00000000        0x0 c:/users/user1/appdata/local/arduino15/packages/arduino/tools/avr-gcc/7.3.0-atmel3.6.1-arduino5/bin/../lib/gcc/avr/7.3.0/avrxmega3\libgcc.a(_ctors.o)
 .bss           0x00000000        0x0 c:/users/user1/appdata/local/arduino15/packages/arduino/tools/avr-gcc/7.3.0-atmel3.6.1-arduino5/bin/../lib/gcc/avr/7.3.0/avrxmega3\libgcc.a(_ctors.o)
 .text.libgcc.mul
                0x00000000        0x0 c:/users/user1/appdata/local/arduino15/packages/arduino/tools/avr-gcc/7.3.0-atmel3.6.1-arduino5/bin/../lib/gcc/avr/7.3.0/avrxmega3\libgcc.a(_ctors.o)
 .text.libgcc.div
                0x00000000        0x0 c:/users/user1/appdata/local/arduino15/packages/arduino/tools/avr-gcc/7.3.0-atmel3.6.1-arduino5/bin/../lib/gcc/avr/7.3.0/avrxmega3\libgcc.a(_ctors.o)
 .text.libgcc   0x00000000        0x0 c:/users/user1/appdata/local/arduino15/packages/arduino/tools/avr-gcc/7.3.0-atmel3.6.1-arduino5/bin/../lib/gcc/avr/7.3.0/avrxmega3\libgcc.a(_ctors.o)
 .text.libgcc.prologue
                0x00000000        0x0 c:/users/user1/appdata/local/arduino15/packages/arduino/tools/avr-gcc/7.3.0-atmel3.6.1-arduino5/bin/../lib/gcc/avr/7.3.0/avrxmega3\libgcc.a(_ctors.o)
 .text.libgcc.builtins
                0x00000000        0x0 c:/users/user1/appdata/local/arduino15/packages/arduino/tools/avr-gcc/7.3.0-atmel3.6.1-arduino5/bin/../lib/gcc/avr/7.3.0/avrxmega3\libgcc.a(_ctors.o)
 .text.libgcc.fmul
                0x00000000        0x0 c:/users/user1/appdata/local/arduino15/packages/arduino/tools/avr-gcc/7.3.0-atmel3.6.1-arduino5/bin/../lib/gcc/avr/7.3.0/avrxmega3\libgcc.a(_ctors.o)
 .text.libgcc.fixed
                0x00000000        0x0 c:/users/user1/appdata/local/arduino15/packages/arduino/tools/avr-gcc/7.3.0-atmel3.6.1-arduino5/bin/../lib/gcc/avr/7.3.0/avrxmega3\libgcc.a(_ctors.o)
 .text          0x00000000        0x0 c:/users/user1/appdata/local/arduino15/packages/arduino/tools/avr-gcc/7.3.0-atmel3.6.1-arduino5/bin/../lib/gcc/avr/7.3.0/avrxmega3\libgcc.a(_mulshisi3.o)
 .data          0x00000000        0x0 c:/users/user1/appdata/local/arduino15/packages/arduino/tools/avr-gcc/7.3.0-atmel3.6.1-arduino5/bin/../lib/gcc/avr/7.3.0/avrxmega3\libgcc.a(_mulshisi3.o)
 .bss           0x00000000        0x0 c:/users/user1/appdata/local/arduino15/packages/arduino/tools/avr-gcc/7.3.0-atmel3.6.1-arduino5/bin/../lib/gcc/avr/7.3.0/avrxmega3\libgcc.a(_mulshisi3.o)
 .text.libgcc.div
                0x00000000        0x0 c:/users/user1/appdata/local/arduino15/packages/arduino/tools/avr-gcc/7.3.0-atmel3.6.1-arduino5/bin/../lib/gcc/avr/7.3.0/avrxmega3\libgcc.a(_mulshisi3.o)
 .text.libgcc   0x00000000        0x0 c:/users/user1/appdata/local/arduino15/packages/arduino/tools/avr-gcc/7.3.0-atmel3.6.1-arduino5/bin/../lib/gcc/avr/7.3.0/avrxmega3\libgcc.a(_mulshisi3.o)
 .text.libgcc.prologue
                0x00000000        0x0 c:/users/user1/appdata/local/arduino15/packages/arduino/tools/avr-gcc/7.3.0-atmel3.6.1-arduino5/bin/../lib/gcc/avr/7.3.0/avrxmega3\libgcc.a(_mulshisi3.o)
 .text.libgcc.builtins
                0x00000000        0x0 c:/users/user1/appdata/local/arduino15/packages/arduino/tools/avr-gcc/7.3.0-atmel3.6.1-arduino5/bin/../lib/gcc/avr/7.3.0/avrxmega3\libgcc.a(_mulshisi3.o)
 .text.libgcc.fmul
                0x00000000        0x0 c:/users/user1/appdata/local/arduino15/packages/arduino/tools/avr-gcc/7.3.0-atmel3.6.1-arduino5/bin/../lib/gcc/avr/7.3.0/avrxmega3\libgcc.a(_mulshisi3.o)
 .text.libgcc.fixed
                0x00000000        0x0 c:/users/user1/appdata/local/arduino15/packages/arduino/tools/avr-gcc/7.3.0-atmel3.6.1-arduino5/bin/../lib/gcc/avr/7.3.0/avrxmega3\libgcc.a(_mulshisi3.o)
 .text          0x00000000        0x0 c:/users/user1/appdata/local/arduino15/packages/arduino/tools/avr-gcc/7.3.0-atmel3.6.1-arduino5/bin/../lib/gcc/avr/7.3.0/avrxmega3\libgcc.a(_tablejump2.o)
 .data          0x00000000        0x0 c:/users/user1/appdata/local/arduino15/packages/arduino/tools/avr-gcc/7.3.0-atmel3.6.1-arduino5/bin/../lib/gcc/avr/7.3.0/avrxmega3\libgcc.a(_tablejump2.o)
 .bss           0x00000000        0x0 c:/users/user1/appdata/local/arduino15/packages/arduino/tools/avr-gcc/7.3.0-atmel3.6.1-arduino5/bin/../lib/gcc/avr/7.3.0/avrxmega3\libgcc.a(_tablejump2.o)
 .text.libgcc.mul
                0x00000000        0x0 c:/users/user1/appdata/local/arduino15/packages/arduino/tools/avr-gcc/7.3.0-atmel3.6.1-arduino5/bin/../lib/gcc/avr/7.3.0/avrxmega3\libgcc.a(_tablejump2.o)
 .text.libgcc.div
                0x00000000        0x0 c:/users/user1/appdata/local/arduino15/packages/arduino/tools/avr-gcc/7.3.0-atmel3.6.1-arduino5/bin/../lib/gcc/avr/7.3.0/avrxmega3\libgcc.a(_tablejump2.o)
 .text.libgcc.prologue
                0x00000000        0x0 c:/users/user1/appdata/local/arduino15/packages/arduino/tools/avr-gcc/7.3.0-atmel3.6.1-arduino5/bin/../lib/gcc/avr/7.3.0/avrxmega3\libgcc.a(_tablejump2.o)
 .text.libgcc.builtins
                0x00000000        0x0 c:/users/user1/appdata/local/arduino15/packages/arduino/tools/avr-gcc/7.3.0-atmel3.6.1-arduino5/bin/../lib/gcc/avr/7.3.0/avrxmega3\libgcc.a(_tablejump2.o)
 .text.libgcc.fmul
                0x00000000        0x0 c:/users/user1/appdata/local/arduino15/packages/arduino/tools/avr-gcc/7.3.0-atmel3.6.1-arduino5/bin/../lib/gcc/avr/7.3.0/avrxmega3\libgcc.a(_tablejump2.o)
 .text.libgcc.fixed
                0x00000000        0x0 c:/users/user1/appdata/local/arduino15/packages/arduino/tools/avr-gcc/7.3.0-atmel3.6.1-arduino5/bin/../lib/gcc/avr/7.3.0/avrxmega3\libgcc.a(_tablejump2.o)
 .text          0x00000000        0x0 c:/users/user1/appdata/local/arduino15/packages/arduino/tools/avr-gcc/7.3.0-atmel3.6.1-arduino5/bin/../lib/gcc/avr/7.3.0/avrxmega3\libgcc.a(_muluhisi3.o)
 .data          0x00000000        0x0 c:/users/user1/appdata/local/arduino15/packages/arduino/tools/avr-gcc/7.3.0-atmel3.6.1-arduino5/bin/../lib/gcc/avr/7.3.0/avrxmega3\libgcc.a(_muluhisi3.o)
 .bss           0x00000000        0x0 c:/users/user1/appdata/local/arduino15/packages/arduino/tools/avr-gcc/7.3.0-atmel3.6.1-arduino5/bin/../lib/gcc/avr/7.3.0/avrxmega3\libgcc.a(_muluhisi3.o)
 .text.libgcc.div
                0x00000000        0x0 c:/users/user1/appdata/local/arduino15/packages/arduino/tools/avr-gcc/7.3.0-atmel3.6.1-arduino5/bin/../lib/gcc/avr/7.3.0/avrxmega3\libgcc.a(_muluhisi3.o)
 .text.libgcc   0x00000000        0x0 c:/users/user1/appdata/local/arduino15/packages/arduino/tools/avr-gcc/7.3.0-atmel3.6.1-arduino5/bin/../lib/gcc/avr/7.3.0/avrxmega3\libgcc.a(_muluhisi3.o)
 .text.libgcc.prologue
                0x00000000        0x0 c:/users/user1/appdata/local/arduino15/packages/arduino/tools/avr-gcc/7.3.0-atmel3.6.1-arduino5/bin/../lib/gcc/avr/7.3.0/avrxmega3\libgcc.a(_muluhisi3.o)
 .text.libgcc.builtins
                0x00000000        0x0 c:/users/user1/appdata/local/arduino15/packages/arduino/tools/avr-gcc/7.3.0-atmel3.6.1-arduino5/bin/../lib/gcc/avr/7.3.0/avrxmega3\libgcc.a(_muluhisi3.o)
 .text.libgcc.fmul
                0x00000000        0x0 c:/users/user1/appdata/local/arduino15/packages/arduino/tools/avr-gcc/7.3.0-atmel3.6.1-arduino5/bin/../lib/gcc/avr/7.3.0/avrxmega3\libgcc.a(_muluhisi3.o)
 .text.libgcc.fixed
                0x00000000        0x0 c:/users/user1/appdata/local/arduino15/packages/arduino/tools/avr-gcc/7.3.0-atmel3.6.1-arduino5/bin/../lib/gcc/avr/7.3.0/avrxmega3\libgcc.a(_muluhisi3.o)
 .text          0x00000000        0x0 c:/users/user1/appdata/local/arduino15/packages/arduino/tools/avr-gcc/7.3.0-atmel3.6.1-arduino5/bin/../lib/gcc/avr/7.3.0/avrxmega3\libgcc.a(_umulhisi3.o)
 .data          0x00000000        0x0 c:/users/user1/appdata/local/arduino15/packages/arduino/tools/avr-gcc/7.3.0-atmel3.6.1-arduino5/bin/../lib/gcc/avr/7.3.0/avrxmega3\libgcc.a(_umulhisi3.o)
 .bss           0x00000000        0x0 c:/users/user1/appdata/local/arduino15/packages/arduino/tools/avr-gcc/7.3.0-atmel3.6.1-arduino5/bin/../lib/gcc/avr/7.3.0/avrxmega3\libgcc.a(_umulhisi3.o)
 .text.libgcc.div
                0x00000000        0x0 c:/users/user1/appdata/local/arduino15/packages/arduino/tools/avr-gcc/7.3.0-atmel3.6.1-arduino5/bin/../lib/gcc/avr/7.3.0/avrxmega3\libgcc.a(_umulhisi3.o)
 .text.libgcc   0x00000000        0x0 c:/users/user1/appdata/local/arduino15/packages/arduino/tools/avr-gcc/7.3.0-atmel3.6.1-arduino5/bin/../lib/gcc/avr/7.3.0/avrxmega3\libgcc.a(_umulhisi3.o)
 .text.libgcc.prologue
                0x00000000        0x0 c:/users/user1/appdata/local/arduino15/packages/arduino/tools/avr-gcc/7.3.0-atmel3.6.1-arduino5/bin/../lib/gcc/avr/7.3.0/avrxmega3\libgcc.a(_umulhisi3.o)
 .text.libgcc.builtins
                0x00000000        0x0 c:/users/user1/appdata/local/arduino15/packages/arduino/tools/avr-gcc/7.3.0-atmel3.6.1-arduino5/bin/../lib/gcc/avr/7.3.0/avrxmega3\libgcc.a(_umulhisi3.o)
 .text.libgcc.fmul
                0x00000000        0x0 c:/users/user1/appdata/local/arduino15/packages/arduino/tools/avr-gcc/7.3.0-atmel3.6.1-arduino5/bin/../lib/gcc/avr/7.3.0/avrxmega3\libgcc.a(_umulhisi3.o)
 .text.libgcc.fixed
                0x00000000        0x0 c:/users/user1/appdata/local/arduino15/packages/arduino/tools/avr-gcc/7.3.0-atmel3.6.1-arduino5/bin/../lib/gcc/avr/7.3.0/avrxmega3\libgcc.a(_umulhisi3.o)

Memory Configuration

Name             Origin             Length             Attributes
text             0x00000000         0x00100000         xr
data             0x00802000         0x0000ffa0         rw !x
eeprom           0x00810000         0x00010000         rw !x
fuse             0x00820000         0x00000009         rw !x
lock             0x00830000         0x00000400         rw !x
signature        0x00840000         0x00000400         rw !x
user_signatures  0x00850000         0x00000400         rw !x
*default*        0x00000000         0xffffffff

Linker script and memory map

Address of section .data set to 0x802800
                0x00004000                __RODATA_PM_OFFSET__ = 0x4000
LOAD c:/users/user1/appdata/local/arduino15/packages/arduino/tools/avr-gcc/7.3.0-atmel3.6.1-arduino5/bin/../lib/gcc/avr/7.3.0/../../../../avr/lib/avrxmega3/crtatmega4809.o
Address of section .text set to 0x0
LOAD C:\Users\user1\Documents\Arduino\20adder\build\sketch\20adder.ino.cpp.o
LOAD C:\Users\user1\AppData\Local\Temp\ccVNllOJ.ltrans0.ltrans.o
LOAD C:\Users\user1\Documents\Arduino\20adder\build\core\variant.c.o
LOAD C:\Users\user1\Documents\Arduino\20adder\build/..\..\..\..\AppData\Local\Temp\arduino\cores\arduino_megaavr_nona4809_mode_off_07d7435d7d6605a16983aa65fe1ae4c5\core.a
LOAD c:/users/user1/appdata/local/arduino15/packages/arduino/tools/avr-gcc/7.3.0-atmel3.6.1-arduino5/bin/../lib/gcc/avr/7.3.0/../../../../avr/lib/avrxmega3\libm.a
START GROUP
LOAD c:/users/user1/appdata/local/arduino15/packages/arduino/tools/avr-gcc/7.3.0-atmel3.6.1-arduino5/bin/../lib/gcc/avr/7.3.0/avrxmega3\libgcc.a
LOAD c:/users/user1/appdata/local/arduino15/packages/arduino/tools/avr-gcc/7.3.0-atmel3.6.1-arduino5/bin/../lib/gcc/avr/7.3.0/../../../../avr/lib/avrxmega3\libm.a
LOAD c:/users/user1/appdata/local/arduino15/packages/arduino/tools/avr-gcc/7.3.0-atmel3.6.1-arduino5/bin/../lib/gcc/avr/7.3.0/../../../../avr/lib/avrxmega3\libc.a
LOAD c:/users/user1/appdata/local/arduino15/packages/arduino/tools/avr-gcc/7.3.0-atmel3.6.1-arduino5/bin/../lib/gcc/avr/7.3.0/../../../../avr/lib/avrxmega3\libatmega4809.a
END GROUP
                0x00100000                __TEXT_REGION_LENGTH__ = DEFINED (__TEXT_REGION_LENGTH__)?__TEXT_REGION_LENGTH__:0x100000
                0x0000ffa0                __DATA_REGION_LENGTH__ = DEFINED (__DATA_REGION_LENGTH__)?__DATA_REGION_LENGTH__:0xffa0
                0x00010000                __EEPROM_REGION_LENGTH__ = DEFINED (__EEPROM_REGION_LENGTH__)?__EEPROM_REGION_LENGTH__:0x10000
                [0x00000009]                __FUSE_REGION_LENGTH__ = DEFINED (__FUSE_REGION_LENGTH__)?__FUSE_REGION_LENGTH__:0x400
                0x00000400                __LOCK_REGION_LENGTH__ = DEFINED (__LOCK_REGION_LENGTH__)?__LOCK_REGION_LENGTH__:0x400
                0x00000400                __SIGNATURE_REGION_LENGTH__ = DEFINED (__SIGNATURE_REGION_LENGTH__)?__SIGNATURE_REGION_LENGTH__:0x400
                0x00000400                __USER_SIGNATURE_REGION_LENGTH__ = DEFINED (__USER_SIGNATURE_REGION_LENGTH__)?__USER_SIGNATURE_REGION_LENGTH__:0x400
                0x00008000                __RODATA_PM_OFFSET__ = DEFINED (__RODATA_PM_OFFSET__)?__RODATA_PM_OFFSET__:0x8000

.hash
 *(.hash)

.dynsym
 *(.dynsym)

.dynstr
 *(.dynstr)

.gnu.version
 *(.gnu.version)

.gnu.version_d
 *(.gnu.version_d)

.gnu.version_r
 *(.gnu.version_r)

.rel.init
 *(.rel.init)

.rela.init
 *(.rela.init)

.rel.text
 *(.rel.text)
 *(.rel.text.*)
 *(.rel.gnu.linkonce.t*)

.rela.text
 *(.rela.text)
 *(.rela.text.*)
 *(.rela.gnu.linkonce.t*)

.rel.fini
 *(.rel.fini)

.rela.fini
 *(.rela.fini)

.rel.rodata
 *(.rel.rodata)
 *(.rel.rodata.*)
 *(.rel.gnu.linkonce.r*)

.rela.rodata
 *(.rela.rodata)
 *(.rela.rodata.*)
 *(.rela.gnu.linkonce.r*)

.rel.data
 *(.rel.data)
 *(.rel.data.*)
 *(.rel.gnu.linkonce.d*)

.rela.data
 *(.rela.data)
 *(.rela.data.*)
 *(.rela.gnu.linkonce.d*)

.rel.ctors
 *(.rel.ctors)

.rela.ctors
 *(.rela.ctors)

.rel.dtors
 *(.rel.dtors)

.rela.dtors
 *(.rela.dtors)

.rel.got
 *(.rel.got)

.rela.got
 *(.rela.got)

.rel.bss
 *(.rel.bss)

.rela.bss
 *(.rela.bss)

.rel.plt
 *(.rel.plt)

.rela.plt
 *(.rela.plt)

.text           0x00000000      0xdb8
 *(.vectors)
 .vectors       0x00000000       0xa0 c:/users/user1/appdata/local/arduino15/packages/arduino/tools/avr-gcc/7.3.0-atmel3.6.1-arduino5/bin/../lib/gcc/avr/7.3.0/../../../../avr/lib/avrxmega3/crtatmega4809.o
                0x00000000                __vector_default
                0x00000000                __vectors
 *(.vectors)
 *(.progmem.gcc*)
                0x000000a0                . = ALIGN (0x2)
                0x000000a0                __trampolines_start = .
 *(.trampolines)
 .trampolines   0x000000a0        0x0 linker stubs
 *(.trampolines*)
                0x000000a0                __trampolines_end = .
 *libprintf_flt.a:*(.progmem.data)
 *libc.a:*(.progmem.data)
 *(.progmem*)
                0x000000a0                . = ALIGN (0x2)
 *(.jumptables)
 *(.jumptables*)
 *(.lowtext)
 *(.lowtext*)
                0x000000a0                __ctors_start = .
 *(.ctors)
 .ctors         0x000000a0        0x2 C:\Users\user1\AppData\Local\Temp\ccVNllOJ.ltrans0.ltrans.o
                0x000000a2                __ctors_end = .
                0x000000a2                __dtors_start = .
 *(.dtors)
                0x000000a2                __dtors_end = .
 SORT(*)(.ctors)
 SORT(*)(.dtors)
 *(.init0)
 .init0         0x000000a2        0x0 c:/users/user1/appdata/local/arduino15/packages/arduino/tools/avr-gcc/7.3.0-atmel3.6.1-arduino5/bin/../lib/gcc/avr/7.3.0/../../../../avr/lib/avrxmega3/crtatmega4809.o
                0x000000a2                __init
 *(.init0)
 *(.init1)
 *(.init1)
 *(.init2)
 .init2         0x000000a2        0xc c:/users/user1/appdata/local/arduino15/packages/arduino/tools/avr-gcc/7.3.0-atmel3.6.1-arduino5/bin/../lib/gcc/avr/7.3.0/../../../../avr/lib/avrxmega3/crtatmega4809.o
 *(.init2)
 *(.init3)
 *(.init3)
 *(.init4)
 .init4         0x000000ae       0x16 c:/users/user1/appdata/local/arduino15/packages/arduino/tools/avr-gcc/7.3.0-atmel3.6.1-arduino5/bin/../lib/gcc/avr/7.3.0/avrxmega3\libgcc.a(_copy_data.o)
                0x000000ae                __do_copy_data
 .init4         0x000000c4       0x10 c:/users/user1/appdata/local/arduino15/packages/arduino/tools/avr-gcc/7.3.0-atmel3.6.1-arduino5/bin/../lib/gcc/avr/7.3.0/avrxmega3\libgcc.a(_clear_bss.o)
                0x000000c4                __do_clear_bss
 *(.init4)
 *(.init5)
 *(.init5)
 *(.init6)
 .init6         0x000000d4       0x16 c:/users/user1/appdata/local/arduino15/packages/arduino/tools/avr-gcc/7.3.0-atmel3.6.1-arduino5/bin/../lib/gcc/avr/7.3.0/avrxmega3\libgcc.a(_ctors.o)
                0x000000d4                __do_global_ctors
 *(.init6)
 *(.init7)
 *(.init7)
 *(.init8)
 *(.init8)
 *(.init9)
 .init9         0x000000ea        0x8 c:/users/user1/appdata/local/arduino15/packages/arduino/tools/avr-gcc/7.3.0-atmel3.6.1-arduino5/bin/../lib/gcc/avr/7.3.0/../../../../avr/lib/avrxmega3/crtatmega4809.o
 *(.init9)
 *(.text)
 .text          0x000000f2        0x4 c:/users/user1/appdata/local/arduino15/packages/arduino/tools/avr-gcc/7.3.0-atmel3.6.1-arduino5/bin/../lib/gcc/avr/7.3.0/../../../../avr/lib/avrxmega3/crtatmega4809.o
                0x000000f2                __vector_22
                0x000000f2                __vector_28
                0x000000f2                __vector_1
                0x000000f2                __vector_32
                0x000000f2                __vector_34
                0x000000f2                __vector_24
                0x000000f2                __vector_12
                0x000000f2                __bad_interrupt
                0x000000f2                __vector_6
                0x000000f2                __vector_31
                0x000000f2                __vector_35
                0x000000f2                __vector_39
                0x000000f2                __vector_3
                0x000000f2                __vector_23
                0x000000f2                __vector_30
                0x000000f2                __vector_25
                0x000000f2                __vector_11
                0x000000f2                __vector_13
                0x000000f2                __vector_17
                0x000000f2                __vector_19
                0x000000f2                __vector_7
                0x000000f2                __vector_27
                0x000000f2                __vector_5
                0x000000f2                __vector_33
                0x000000f2                __vector_4
                0x000000f2                __vector_9
                0x000000f2                __vector_2
                0x000000f2                __vector_21
                0x000000f2                __vector_15
                0x000000f2                __vector_29
                0x000000f2                __vector_8
                0x000000f2                __vector_26
                0x000000f2                __vector_14
                0x000000f2                __vector_10
                0x000000f2                __vector_16
                0x000000f2                __vector_18
                0x000000f2                __vector_20
 .text          0x000000f6      0x712 C:\Users\user1\AppData\Local\Temp\ccVNllOJ.ltrans0.ltrans.o
                0x00000662                __vector_36
                0x0000072a                __vector_38
                0x00000776                __vector_37
                0x00000808                . = ALIGN (0x2)
 *(.text.*)
 .text.startup  0x00000808      0x4b2 C:\Users\user1\AppData\Local\Temp\ccVNllOJ.ltrans0.ltrans.o
                0x00000808                main
 .text.libgcc.div
                0x00000cba       0x28 c:/users/user1/appdata/local/arduino15/packages/arduino/tools/avr-gcc/7.3.0-atmel3.6.1-arduino5/bin/../lib/gcc/avr/7.3.0/avrxmega3\libgcc.a(_udivmodhi4.o)
                0x00000cba                __udivmodhi4
 .text.libgcc.div
                0x00000ce2       0x44 c:/users/user1/appdata/local/arduino15/packages/arduino/tools/avr-gcc/7.3.0-atmel3.6.1-arduino5/bin/../lib/gcc/avr/7.3.0/avrxmega3\libgcc.a(_udivmodsi4.o)
                0x00000ce2                __udivmodsi4
 .text.libgcc.div
                0x00000d26       0x2e c:/users/user1/appdata/local/arduino15/packages/arduino/tools/avr-gcc/7.3.0-atmel3.6.1-arduino5/bin/../lib/gcc/avr/7.3.0/avrxmega3\libgcc.a(_divmodsi4.o)
                0x00000d26                __divmodsi4
 .text.libgcc.div
                0x00000d54       0x10 c:/users/user1/appdata/local/arduino15/packages/arduino/tools/avr-gcc/7.3.0-atmel3.6.1-arduino5/bin/../lib/gcc/avr/7.3.0/avrxmega3\libgcc.a(_negsi2.o)
                0x00000d54                __negsi2
 .text.libgcc.mul
                0x00000d64       0x10 c:/users/user1/appdata/local/arduino15/packages/arduino/tools/avr-gcc/7.3.0-atmel3.6.1-arduino5/bin/../lib/gcc/avr/7.3.0/avrxmega3\libgcc.a(_mulshisi3.o)
                0x00000d64                __mulshisi3
                0x00000d6a                __mulohisi3
 .text.libgcc   0x00000d74        0xc c:/users/user1/appdata/local/arduino15/packages/arduino/tools/avr-gcc/7.3.0-atmel3.6.1-arduino5/bin/../lib/gcc/avr/7.3.0/avrxmega3\libgcc.a(_tablejump2.o)
                0x00000d74                __tablejump2__
 .text.libgcc.mul
                0x00000d80       0x16 c:/users/user1/appdata/local/arduino15/packages/arduino/tools/avr-gcc/7.3.0-atmel3.6.1-arduino5/bin/../lib/gcc/avr/7.3.0/avrxmega3\libgcc.a(_muluhisi3.o)
                0x00000d80                __muluhisi3
 .text.libgcc.mul
                0x00000d96       0x1e c:/users/user1/appdata/local/arduino15/packages/arduino/tools/avr-gcc/7.3.0-atmel3.6.1-arduino5/bin/../lib/gcc/avr/7.3.0/avrxmega3\libgcc.a(_umulhisi3.o)
                0x00000d96                __umulhisi3
                0x00000db4                . = ALIGN (0x2)
 *(.fini9)
 .fini9         0x00000db4        0x0 c:/users/user1/appdata/local/arduino15/packages/arduino/tools/avr-gcc/7.3.0-atmel3.6.1-arduino5/bin/../lib/gcc/avr/7.3.0/avrxmega3\libgcc.a(_exit.o)
                0x00000db4                _exit
                0x00000db4                exit
 *(.fini9)
 *(.fini8)
 *(.fini8)
 *(.fini7)
 *(.fini7)
 *(.fini6)
 *(.fini6)
 *(.fini5)
 *(.fini5)
 *(.fini4)
 *(.fini4)
 *(.fini3)
 *(.fini3)
 *(.fini2)
 *(.fini2)
 *(.fini1)
 *(.fini1)
 *(.fini0)
 .fini0         0x00000db4        0x4 c:/users/user1/appdata/local/arduino15/packages/arduino/tools/avr-gcc/7.3.0-atmel3.6.1-arduino5/bin/../lib/gcc/avr/7.3.0/avrxmega3\libgcc.a(_exit.o)
 *(.fini0)
                0x00000db8                _etext = .

.rodata         0x00004db8       0xed load address 0x00000db8
 *(.rodata)
 .rodata        0x00004db8       0x8a C:\Users\user1\AppData\Local\Temp\ccVNllOJ.ltrans0.ltrans.o
 *(.rodata*)
 .rodata.str1.1
                0x00004e42       0x63 C:\Users\user1\AppData\Local\Temp\ccVNllOJ.ltrans0.ltrans.o
                                 0x65 (size before relaxing)
 *(.gnu.linkonce.r*)

.data           0x00802800        0x4 load address 0x00000ea5
                0x00802800                PROVIDE (__data_start, .)
 *(.data)
 .data          0x00802800        0x4 C:\Users\user1\AppData\Local\Temp\ccVNllOJ.ltrans0.ltrans.o
 *(.data*)
 *(.gnu.linkonce.d*)
                0x00802804                . = ALIGN (0x2)
                0x00802804                _edata = .
                0x00802804                PROVIDE (__data_end, .)

.bss            0x00802804       0xad
                0x00802804                PROVIDE (__bss_start, .)
 *(.bss)
 .bss           0x00802804       0xad C:\Users\user1\AppData\Local\Temp\ccVNllOJ.ltrans0.ltrans.o
 *(.bss*)
 *(COMMON)
                0x008028b1                PROVIDE (__bss_end, .)
                0x00000ea5                __data_load_start = LOADADDR (.data)
                0x00000ea9                __data_load_end = (__data_load_start + SIZEOF (.data))

.noinit         0x008028b1        0x0
                [!provide]                PROVIDE (__noinit_start, .)
 *(.noinit*)
                [!provide]                PROVIDE (__noinit_end, .)
                0x008028b1                _end = .
                [!provide]                PROVIDE (__heap_start, .)

.eeprom         0x00810000        0x0
 *(.eeprom*)
                0x00810000                __eeprom_end = .

.fuse
 *(.fuse)
 *(.lfuse)
 *(.hfuse)
 *(.efuse)

.lock
 *(.lock*)

.signature
 *(.signature*)

.user_signatures
 *(.user_signatures*)

.stab
 *(.stab)

.stabstr
 *(.stabstr)

.stab.excl
 *(.stab.excl)

.stab.exclstr
 *(.stab.exclstr)

.stab.index
 *(.stab.index)

.stab.indexstr
 *(.stab.indexstr)

.comment        0x00000000       0x11
 *(.comment)
 .comment       0x00000000       0x11 C:\Users\user1\AppData\Local\Temp\ccVNllOJ.ltrans0.ltrans.o
                                 0x12 (size before relaxing)

.note.gnu.avr.deviceinfo
                0x00000000       0x40
 .note.gnu.avr.deviceinfo
                0x00000000       0x40 c:/users/user1/appdata/local/arduino15/packages/arduino/tools/avr-gcc/7.3.0-atmel3.6.1-arduino5/bin/../lib/gcc/avr/7.3.0/../../../../avr/lib/avrxmega3/crtatmega4809.o

.note.gnu.build-id
 *(.note.gnu.build-id)

.debug
 *(.debug)

.line
 *(.line)

.debug_srcinfo
 *(.debug_srcinfo)

.debug_sfnames
 *(.debug_sfnames)

.debug_aranges  0x00000000      0x1b0
 *(.debug_aranges)
 .debug_aranges
                0x00000000       0x30 C:\Users\user1\AppData\Local\Temp\ccVNllOJ.ltrans0.ltrans.o
 .debug_aranges
                0x00000030       0x20 c:/users/user1/appdata/local/arduino15/packages/arduino/tools/avr-gcc/7.3.0-atmel3.6.1-arduino5/bin/../lib/gcc/avr/7.3.0/avrxmega3\libgcc.a(_exit.o)
 .debug_aranges
                0x00000050       0x20 c:/users/user1/appdata/local/arduino15/packages/arduino/tools/avr-gcc/7.3.0-atmel3.6.1-arduino5/bin/../lib/gcc/avr/7.3.0/avrxmega3\libgcc.a(_udivmodhi4.o)
 .debug_aranges
                0x00000070       0x20 c:/users/user1/appdata/local/arduino15/packages/arduino/tools/avr-gcc/7.3.0-atmel3.6.1-arduino5/bin/../lib/gcc/avr/7.3.0/avrxmega3\libgcc.a(_udivmodsi4.o)
 .debug_aranges
                0x00000090       0x20 c:/users/user1/appdata/local/arduino15/packages/arduino/tools/avr-gcc/7.3.0-atmel3.6.1-arduino5/bin/../lib/gcc/avr/7.3.0/avrxmega3\libgcc.a(_divmodsi4.o)
 .debug_aranges
                0x000000b0       0x20 c:/users/user1/appdata/local/arduino15/packages/arduino/tools/avr-gcc/7.3.0-atmel3.6.1-arduino5/bin/../lib/gcc/avr/7.3.0/avrxmega3\libgcc.a(_negsi2.o)
 .debug_aranges
                0x000000d0       0x20 c:/users/user1/appdata/local/arduino15/packages/arduino/tools/avr-gcc/7.3.0-atmel3.6.1-arduino5/bin/../lib/gcc/avr/7.3.0/avrxmega3\libgcc.a(_copy_data.o)
 .debug_aranges
                0x000000f0       0x20 c:/users/user1/appdata/local/arduino15/packages/arduino/tools/avr-gcc/7.3.0-atmel3.6.1-arduino5/bin/../lib/gcc/avr/7.3.0/avrxmega3\libgcc.a(_clear_bss.o)
 .debug_aranges
                0x00000110       0x20 c:/users/user1/appdata/local/arduino15/packages/arduino/tools/avr-gcc/7.3.0-atmel3.6.1-arduino5/bin/../lib/gcc/avr/7.3.0/avrxmega3\libgcc.a(_ctors.o)
 .debug_aranges
                0x00000130       0x20 c:/users/user1/appdata/local/arduino15/packages/arduino/tools/avr-gcc/7.3.0-atmel3.6.1-arduino5/bin/../lib/gcc/avr/7.3.0/avrxmega3\libgcc.a(_mulshisi3.o)
 .debug_aranges
                0x00000150       0x20 c:/users/user1/appdata/local/arduino15/packages/arduino/tools/avr-gcc/7.3.0-atmel3.6.1-arduino5/bin/../lib/gcc/avr/7.3.0/avrxmega3\libgcc.a(_tablejump2.o)
 .debug_aranges
                0x00000170       0x20 c:/users/user1/appdata/local/arduino15/packages/arduino/tools/avr-gcc/7.3.0-atmel3.6.1-arduino5/bin/../lib/gcc/avr/7.3.0/avrxmega3\libgcc.a(_muluhisi3.o)
 .debug_aranges
                0x00000190       0x20 c:/users/user1/appdata/local/arduino15/packages/arduino/tools/avr-gcc/7.3.0-atmel3.6.1-arduino5/bin/../lib/gcc/avr/7.3.0/avrxmega3\libgcc.a(_umulhisi3.o)

.debug_pubnames
 *(.debug_pubnames)

.debug_info     0x00000000     0x706d
 *(.debug_info .gnu.linkonce.wi.*)
 .debug_info    0x00000000     0x249d c:/users/user1/appdata/local/arduino15/packages/arduino/tools/avr-gcc/7.3.0-atmel3.6.1-arduino5/bin/../lib/gcc/avr/7.3.0/../../../../avr/lib/avrxmega3/crtatmega4809.o
 .debug_info    0x0000249d     0x42d0 C:\Users\user1\AppData\Local\Temp\ccVNllOJ.ltrans0.ltrans.o
 .debug_info    0x0000676d       0xc0 c:/users/user1/appdata/local/arduino15/packages/arduino/tools/avr-gcc/7.3.0-atmel3.6.1-arduino5/bin/../lib/gcc/avr/7.3.0/avrxmega3\libgcc.a(_exit.o)
 .debug_info    0x0000682d       0xc0 c:/users/user1/appdata/local/arduino15/packages/arduino/tools/avr-gcc/7.3.0-atmel3.6.1-arduino5/bin/../lib/gcc/avr/7.3.0/avrxmega3\libgcc.a(_udivmodhi4.o)
 .debug_info    0x000068ed       0xc0 c:/users/user1/appdata/local/arduino15/packages/arduino/tools/avr-gcc/7.3.0-atmel3.6.1-arduino5/bin/../lib/gcc/avr/7.3.0/avrxmega3\libgcc.a(_udivmodsi4.o)
 .debug_info    0x000069ad       0xc0 c:/users/user1/appdata/local/arduino15/packages/arduino/tools/avr-gcc/7.3.0-atmel3.6.1-arduino5/bin/../lib/gcc/avr/7.3.0/avrxmega3\libgcc.a(_divmodsi4.o)
 .debug_info    0x00006a6d       0xc0 c:/users/user1/appdata/local/arduino15/packages/arduino/tools/avr-gcc/7.3.0-atmel3.6.1-arduino5/bin/../lib/gcc/avr/7.3.0/avrxmega3\libgcc.a(_negsi2.o)
 .debug_info    0x00006b2d       0xc0 c:/users/user1/appdata/local/arduino15/packages/arduino/tools/avr-gcc/7.3.0-atmel3.6.1-arduino5/bin/../lib/gcc/avr/7.3.0/avrxmega3\libgcc.a(_copy_data.o)
 .debug_info    0x00006bed       0xc0 c:/users/user1/appdata/local/arduino15/packages/arduino/tools/avr-gcc/7.3.0-atmel3.6.1-arduino5/bin/../lib/gcc/avr/7.3.0/avrxmega3\libgcc.a(_clear_bss.o)
 .debug_info    0x00006cad       0xc0 c:/users/user1/appdata/local/arduino15/packages/arduino/tools/avr-gcc/7.3.0-atmel3.6.1-arduino5/bin/../lib/gcc/avr/7.3.0/avrxmega3\libgcc.a(_ctors.o)
 .debug_info    0x00006d6d       0xc0 c:/users/user1/appdata/local/arduino15/packages/arduino/tools/avr-gcc/7.3.0-atmel3.6.1-arduino5/bin/../lib/gcc/avr/7.3.0/avrxmega3\libgcc.a(_mulshisi3.o)
 .debug_info    0x00006e2d       0xc0 c:/users/user1/appdata/local/arduino15/packages/arduino/tools/avr-gcc/7.3.0-atmel3.6.1-arduino5/bin/../lib/gcc/avr/7.3.0/avrxmega3\libgcc.a(_tablejump2.o)
 .debug_info    0x00006eed       0xc0 c:/users/user1/appdata/local/arduino15/packages/arduino/tools/avr-gcc/7.3.0-atmel3.6.1-arduino5/bin/../lib/gcc/avr/7.3.0/avrxmega3\libgcc.a(_muluhisi3.o)
 .debug_info    0x00006fad       0xc0 c:/users/user1/appdata/local/arduino15/packages/arduino/tools/avr-gcc/7.3.0-atmel3.6.1-arduino5/bin/../lib/gcc/avr/7.3.0/avrxmega3\libgcc.a(_umulhisi3.o)

.debug_abbrev   0x00000000     0x2af1
 *(.debug_abbrev)
 .debug_abbrev  0x00000000     0x22a8 c:/users/user1/appdata/local/arduino15/packages/arduino/tools/avr-gcc/7.3.0-atmel3.6.1-arduino5/bin/../lib/gcc/avr/7.3.0/../../../../avr/lib/avrxmega3/crtatmega4809.o
 .debug_abbrev  0x000022a8      0x759 C:\Users\user1\AppData\Local\Temp\ccVNllOJ.ltrans0.ltrans.o
 .debug_abbrev  0x00002a01       0x14 c:/users/user1/appdata/local/arduino15/packages/arduino/tools/avr-gcc/7.3.0-atmel3.6.1-arduino5/bin/../lib/gcc/avr/7.3.0/avrxmega3\libgcc.a(_exit.o)
 .debug_abbrev  0x00002a15       0x14 c:/users/user1/appdata/local/arduino15/packages/arduino/tools/avr-gcc/7.3.0-atmel3.6.1-arduino5/bin/../lib/gcc/avr/7.3.0/avrxmega3\libgcc.a(_udivmodhi4.o)
 .debug_abbrev  0x00002a29       0x14 c:/users/user1/appdata/local/arduino15/packages/arduino/tools/avr-gcc/7.3.0-atmel3.6.1-arduino5/bin/../lib/gcc/avr/7.3.0/avrxmega3\libgcc.a(_udivmodsi4.o)
 .debug_abbrev  0x00002a3d       0x14 c:/users/user1/appdata/local/arduino15/packages/arduino/tools/avr-gcc/7.3.0-atmel3.6.1-arduino5/bin/../lib/gcc/avr/7.3.0/avrxmega3\libgcc.a(_divmodsi4.o)
 .debug_abbrev  0x00002a51       0x14 c:/users/user1/appdata/local/arduino15/packages/arduino/tools/avr-gcc/7.3.0-atmel3.6.1-arduino5/bin/../lib/gcc/avr/7.3.0/avrxmega3\libgcc.a(_negsi2.o)
 .debug_abbrev  0x00002a65       0x14 c:/users/user1/appdata/local/arduino15/packages/arduino/tools/avr-gcc/7.3.0-atmel3.6.1-arduino5/bin/../lib/gcc/avr/7.3.0/avrxmega3\libgcc.a(_copy_data.o)
 .debug_abbrev  0x00002a79       0x14 c:/users/user1/appdata/local/arduino15/packages/arduino/tools/avr-gcc/7.3.0-atmel3.6.1-arduino5/bin/../lib/gcc/avr/7.3.0/avrxmega3\libgcc.a(_clear_bss.o)
 .debug_abbrev  0x00002a8d       0x14 c:/users/user1/appdata/local/arduino15/packages/arduino/tools/avr-gcc/7.3.0-atmel3.6.1-arduino5/bin/../lib/gcc/avr/7.3.0/avrxmega3\libgcc.a(_ctors.o)
 .debug_abbrev  0x00002aa1       0x14 c:/users/user1/appdata/local/arduino15/packages/arduino/tools/avr-gcc/7.3.0-atmel3.6.1-arduino5/bin/../lib/gcc/avr/7.3.0/avrxmega3\libgcc.a(_mulshisi3.o)
 .debug_abbrev  0x00002ab5       0x14 c:/users/user1/appdata/local/arduino15/packages/arduino/tools/avr-gcc/7.3.0-atmel3.6.1-arduino5/bin/../lib/gcc/avr/7.3.0/avrxmega3\libgcc.a(_tablejump2.o)
 .debug_abbrev  0x00002ac9       0x14 c:/users/user1/appdata/local/arduino15/packages/arduino/tools/avr-gcc/7.3.0-atmel3.6.1-arduino5/bin/../lib/gcc/avr/7.3.0/avrxmega3\libgcc.a(_muluhisi3.o)
 .debug_abbrev  0x00002add       0x14 c:/users/user1/appdata/local/arduino15/packages/arduino/tools/avr-gcc/7.3.0-atmel3.6.1-arduino5/bin/../lib/gcc/avr/7.3.0/avrxmega3\libgcc.a(_umulhisi3.o)

.debug_line     0x00000000     0x1434
 *(.debug_line .debug_line.* .debug_line_end)
 .debug_line    0x00000000      0x187 c:/users/user1/appdata/local/arduino15/packages/arduino/tools/avr-gcc/7.3.0-atmel3.6.1-arduino5/bin/../lib/gcc/avr/7.3.0/../../../../avr/lib/avrxmega3/crtatmega4809.o
 .debug_line    0x00000187      0xb45 C:\Users\user1\AppData\Local\Temp\ccVNllOJ.ltrans0.ltrans.o
 .debug_line    0x00000ccc       0x62 c:/users/user1/appdata/local/arduino15/packages/arduino/tools/avr-gcc/7.3.0-atmel3.6.1-arduino5/bin/../lib/gcc/avr/7.3.0/avrxmega3\libgcc.a(_exit.o)
 .debug_line    0x00000d2e       0xce c:/users/user1/appdata/local/arduino15/packages/arduino/tools/avr-gcc/7.3.0-atmel3.6.1-arduino5/bin/../lib/gcc/avr/7.3.0/avrxmega3\libgcc.a(_udivmodhi4.o)
 .debug_line    0x00000dfc      0x122 c:/users/user1/appdata/local/arduino15/packages/arduino/tools/avr-gcc/7.3.0-atmel3.6.1-arduino5/bin/../lib/gcc/avr/7.3.0/avrxmega3\libgcc.a(_udivmodsi4.o)
 .debug_line    0x00000f1e       0xce c:/users/user1/appdata/local/arduino15/packages/arduino/tools/avr-gcc/7.3.0-atmel3.6.1-arduino5/bin/../lib/gcc/avr/7.3.0/avrxmega3\libgcc.a(_divmodsi4.o)
 .debug_line    0x00000fec       0x62 c:/users/user1/appdata/local/arduino15/packages/arduino/tools/avr-gcc/7.3.0-atmel3.6.1-arduino5/bin/../lib/gcc/avr/7.3.0/avrxmega3\libgcc.a(_negsi2.o)
 .debug_line    0x0000104e       0x98 c:/users/user1/appdata/local/arduino15/packages/arduino/tools/avr-gcc/7.3.0-atmel3.6.1-arduino5/bin/../lib/gcc/avr/7.3.0/avrxmega3\libgcc.a(_copy_data.o)
 .debug_line    0x000010e6       0x86 c:/users/user1/appdata/local/arduino15/packages/arduino/tools/avr-gcc/7.3.0-atmel3.6.1-arduino5/bin/../lib/gcc/avr/7.3.0/avrxmega3\libgcc.a(_clear_bss.o)
 .debug_line    0x0000116c       0x92 c:/users/user1/appdata/local/arduino15/packages/arduino/tools/avr-gcc/7.3.0-atmel3.6.1-arduino5/bin/../lib/gcc/avr/7.3.0/avrxmega3\libgcc.a(_ctors.o)
 .debug_line    0x000011fe       0x7a c:/users/user1/appdata/local/arduino15/packages/arduino/tools/avr-gcc/7.3.0-atmel3.6.1-arduino5/bin/../lib/gcc/avr/7.3.0/avrxmega3\libgcc.a(_mulshisi3.o)
 .debug_line    0x00001278       0x7a c:/users/user1/appdata/local/arduino15/packages/arduino/tools/avr-gcc/7.3.0-atmel3.6.1-arduino5/bin/../lib/gcc/avr/7.3.0/avrxmega3\libgcc.a(_tablejump2.o)
 .debug_line    0x000012f2       0x92 c:/users/user1/appdata/local/arduino15/packages/arduino/tools/avr-gcc/7.3.0-atmel3.6.1-arduino5/bin/../lib/gcc/avr/7.3.0/avrxmega3\libgcc.a(_muluhisi3.o)
 .debug_line    0x00001384       0xb0 c:/users/user1/appdata/local/arduino15/packages/arduino/tools/avr-gcc/7.3.0-atmel3.6.1-arduino5/bin/../lib/gcc/avr/7.3.0/avrxmega3\libgcc.a(_umulhisi3.o)

.debug_frame    0x00000000      0x358
 *(.debug_frame)
 .debug_frame   0x00000000      0x358 C:\Users\user1\AppData\Local\Temp\ccVNllOJ.ltrans0.ltrans.o

.debug_str      0x00000000     0x2056
 *(.debug_str)
 .debug_str     0x00000000      0xf8b c:/users/user1/appdata/local/arduino15/packages/arduino/tools/avr-gcc/7.3.0-atmel3.6.1-arduino5/bin/../lib/gcc/avr/7.3.0/../../../../avr/lib/avrxmega3/crtatmega4809.o
 .debug_str     0x00000f8b     0x10cb C:\Users\user1\AppData\Local\Temp\ccVNllOJ.ltrans0.ltrans.o
                               0x11c7 (size before relaxing)

.debug_loc      0x00000000     0x18ac
 *(.debug_loc)
 .debug_loc     0x00000000     0x18ac C:\Users\user1\AppData\Local\Temp\ccVNllOJ.ltrans0.ltrans.o

.debug_macinfo
 *(.debug_macinfo)

.debug_weaknames
 *(.debug_weaknames)

.debug_funcnames
 *(.debug_funcnames)

.debug_typenames
 *(.debug_typenames)

.debug_varnames
 *(.debug_varnames)

.debug_pubtypes
 *(.debug_pubtypes)

.debug_ranges   0x00000000      0x148
 *(.debug_ranges)
 .debug_ranges  0x00000000      0x148 C:\Users\user1\AppData\Local\Temp\ccVNllOJ.ltrans0.ltrans.o

.debug_macro
 *(.debug_macro)
OUTPUT(C:\Users\user1\Documents\Arduino\20adder\build/20adder.ino.elf elf32-avr)
LOAD linker stubs
